// Jest Snapshot v1, https://goo.gl/fbAQLP

exports[`the component mounts with defaults 1`] = `
ShallowWrapper {
  "length": 1,
  Symbol(enzyme.__root__): [Circular],
  Symbol(enzyme.__unrendered__): <NavigationLink
    changeOverlayColor={[Function]}
    overlayColor=""
    path=""
    text=""
    to=""
  />,
  Symbol(enzyme.__renderer__): Object {
    "batchedUpdates": [Function],
    "getNode": [Function],
    "render": [Function],
    "simulateEvent": [Function],
    "unmount": [Function],
  },
  Symbol(enzyme.__node__): Object {
    "instance": null,
    "key": undefined,
    "nodeType": "host",
    "props": Object {
      "children": <NavLink
        activeClassName="active"
        activeStyle={
          Object {
            "color": "",
          }
        }
        ariaCurrent="true"
        data-test="nav-link"
        exact={true}
        onMouseEnter={[Function]}
        onMouseLeave={[Function]}
        style={
          Object {
            "color": undefined,
          }
        }
        to=""
      >
        
      </NavLink>,
      "className": "link",
    },
    "ref": null,
    "rendered": Object {
      "instance": null,
      "key": undefined,
      "nodeType": "function",
      "props": Object {
        "activeClassName": "active",
        "activeStyle": Object {
          "color": "",
        },
        "ariaCurrent": "true",
        "children": "",
        "data-test": "nav-link",
        "exact": true,
        "onMouseEnter": [Function],
        "onMouseLeave": [Function],
        "style": Object {
          "color": undefined,
        },
        "to": "",
      },
      "ref": null,
      "rendered": "",
      "type": [Function],
    },
    "type": "li",
  },
  Symbol(enzyme.__nodes__): Array [
    Object {
      "instance": null,
      "key": undefined,
      "nodeType": "host",
      "props": Object {
        "children": <NavLink
          activeClassName="active"
          activeStyle={
            Object {
              "color": "",
            }
          }
          ariaCurrent="true"
          data-test="nav-link"
          exact={true}
          onMouseEnter={[Function]}
          onMouseLeave={[Function]}
          style={
            Object {
              "color": undefined,
            }
          }
          to=""
        >
          
        </NavLink>,
        "className": "link",
      },
      "ref": null,
      "rendered": Object {
        "instance": null,
        "key": undefined,
        "nodeType": "function",
        "props": Object {
          "activeClassName": "active",
          "activeStyle": Object {
            "color": "",
          },
          "ariaCurrent": "true",
          "children": "",
          "data-test": "nav-link",
          "exact": true,
          "onMouseEnter": [Function],
          "onMouseLeave": [Function],
          "style": Object {
            "color": undefined,
          },
          "to": "",
        },
        "ref": null,
        "rendered": "",
        "type": [Function],
      },
      "type": "li",
    },
  ],
  Symbol(enzyme.__options__): Object {
    "adapter": ReactSixteenAdapter {
      "options": Object {
        "enableComponentDidUpdateOnSetState": true,
      },
    },
  },
}
`;
